[06:34:10.296] [INFO] storybook v10.3.5
[06:34:11.354] [DEBUG] Getting package.json info for /Users/joshuafoster/Git/Projects/component-library/package/ui/package.json...
[06:34:11.362] [ERROR] [38;2;241;97;97mSB_CORE-SERVER_0002 (CriticalPresetLoadError): Storybook failed to load the following preset: @storybook/react-vite/preset.

Please check whether your setup is correct, the Storybook dependencies (and their peer dependencies) are installed correctly and there are no package version clashes.

If you believe this is a bug, please open an issue on Github.

Error [ERR_MODULE_NOT_FOUND]: Cannot find package '@storybook/react-vite' imported from /Users/joshuafoster/Git/Projects/component-library/node_modules/.pnpm/storybook@10.3.5_@testing-library+dom@10.4.1_prettier@3.9.5_react-dom@19.2.5_react@19.2.5__react@19.2.5/node_modules/storybook/dist/_node-chunks/chunk-YBRG5EIF.js
    at Object.getPackageJSONURL (node:internal/modules/package_json_reader:316:9)
    at packageResolve (node:internal/modules/esm/resolve:768:81)
    at moduleResolve (node:internal/modules/esm/resolve:858:18)
    at defaultResolve (node:internal/modules/esm/resolve:990:11)
    at nextResolve (node:internal/modules/esm/hooks:748:28)
    at Hooks.resolve (node:internal/modules/esm/hooks:240:30)
    at MessagePort.handleMessage (node:internal/modules/esm/worker:201:24)
    at [nodejs.internal.kHybridDispatch] (node:internal/event_target:845:20)
    at MessagePort.<anonymous> (node:internal/per_context/messageport:23:28)

More info: 
[39m
    at loadPreset (file:///Users/joshuafoster/Git/Projects/component-library/node_modules/.pnpm/storybook@10.3.5_@testing-library+dom@10.4.1_prettier@3.9.5_react-dom@19.2.5_react@19.2.5__react@19.2.5/node_modules/storybook/dist/_node-chunks/chunk-GOY6UMCB.js:10081:13)
    at async Promise.all (index 0)
    at async loadPresets (file:///Users/joshuafoster/Git/Projects/component-library/node_modules/.pnpm/storybook@10.3.5_@testing-library+dom@10.4.1_prettier@3.9.5_react-dom@19.2.5_react@19.2.5__react@19.2.5/node_modules/storybook/dist/_node-chunks/chunk-GOY6UMCB.js:10090:73)
    at async getPresets (file:///Users/joshuafoster/Git/Projects/component-library/node_modules/.pnpm/storybook@10.3.5_@testing-library+dom@10.4.1_prettier@3.9.5_react-dom@19.2.5_react@19.2.5__react@19.2.5/node_modules/storybook/dist/_node-chunks/chunk-GOY6UMCB.js:10121:23)
    at async buildDevStandalone (file:///Users/joshuafoster/Git/Projects/component-library/node_modules/.pnpm/storybook@10.3.5_@testing-library+dom@10.4.1_prettier@3.9.5_react-dom@19.2.5_react@19.2.5__react@19.2.5/node_modules/storybook/dist/core-server/index.js:7967:52)
    at async withTelemetry (file:///Users/joshuafoster/Git/Projects/component-library/node_modules/.pnpm/storybook@10.3.5_@testing-library+dom@10.4.1_prettier@3.9.5_react-dom@19.2.5_react@19.2.5__react@19.2.5/node_modules/storybook/dist/_node-chunks/chunk-FIR43JGQ.js:225:12)
    at async dev (file:///Users/joshuafoster/Git/Projects/component-library/node_modules/.pnpm/storybook@10.3.5_@testing-library+dom@10.4.1_prettier@3.9.5_react-dom@19.2.5_react@19.2.5__react@19.2.5/node_modules/storybook/dist/bin/core.js:2736:3)
    at async _Command.<anonymous> (file:///Users/joshuafoster/Git/Projects/component-library/node_modules/.pnpm/storybook@10.3.5_@testing-library+dom@10.4.1_prettier@3.9.5_react-dom@19.2.5_react@19.2.5__react@19.2.5/node_modules/storybook/dist/bin/core.js:2806:92)
[06:34:11.365] [WARN] Broken build, fix the error above.
You may need to refresh the browser.
[06:53:31.368] [PROMPT] Would you like to send anonymous crash reports to improve Storybook and fix bugs faster? {"choice":false}